Initialization phase, z =
00 00 00 00 00 00 00 00 00 00 00 00 00 00 00 00 
63 63 63 63 63 63 63 63 63 63 63 63 63 63 63 63 
a5 a5 a5 a5 a5 a5 a5 a5 a5 a5 a5 a5 a5 a5 a5 a5 
ea ea ea ea eb eb eb eb eb eb eb eb eb eb eb eb 
55 f7 f7 c2 e8 e8 dd 4a e8 dd 4a e8 dd 4a e8 e8 
c7 2a 23 bf e8 93 73 30 23 bc 66 ec 94 d2 eb b2 
a7 dd ca f3 13 87 61 02 6e ad f4 2b 54 e3 ef cf 
6a 67 62 3e 6f 8a f9 79 1e cd 81 83 c5 86 8e 3a 
45 10 1e 83 a2 c6 dd eb 40 86 38 2d ac fb 3b 65 
3c c4 df 56 ec bf c1 06 6d ac 02 c5 0a 68 3c fe 
0c cb e1 de 2e 41 af da 70 98 d5 60 19 20 06 98 
53 cd 98 69 c7 78 ca de d7 db 45 9b 6f 45 8b 10 
8d 94 0b e5 9f bd b1 61 c1 21 fc 29 7a 3d 0a 15 
26 13 2c 14 9e af 12 cc d3 2f 35 76 f6 43 68 94 
0e 75 be 09 54 18 1e f5 8a 60 a9 a9 54 3a 05 ff 
dc 77 a4 97 23 eb 65 6a e1 8f 28 2c f1 de 1d 00 
Keystream phase, z =
69 ca 6d af 9a e3 b7 2d b1 34 a8 5a 83 7e 41 9d 
ec 08 aa d3 9d 7b 0f 00 9b 60 b2 8c 53 43 00 ed 
84 ab f5 94 fb 08 a7 f1 f3 a2 df 18 e6 17 68 3b 
48 1f a3 78 07 9d cf 04 db 53 b5 d6 29 a9 eb 9d 
03 1c 15 9d cc d0 a5 0c 4d 5d bf 51 15 d8 70 39 
c0 d0 3c a1 37 0c 19 40 03 47 a0 b4 d2 e9 db e5 
cb ca 60 82 14 a2 65 82 cf 68 09 16 b3 45 13 21 
95 4f df 30 84 af 02 f6 a8 e2 48 1d e6 bf 82 79 
