Initialization phase, z =
ff ff ff ff ff ff ff ff ff ff ff ff ff ff ff ff 
d3 07 d2 07 d3 07 d2 07 d3 07 2d f8 2e f8 2d f8 
65 f6 62 f6 65 f6 62 f6 65 f6 62 f6 65 f6 62 f6 
fe 86 fe 86 f5 2d f2 2d 31 96 d7 54 6a e8 6a e8 
8b d8 8a a5 c8 29 c6 26 7c 51 37 97 bf 9a c8 7c 
21 c0 4a 14 e4 1c 34 95 d0 9c 96 e5 48 60 89 81 
7c ce 64 29 1a cf 8f 4a 06 ca 55 65 3f c4 93 97 
0a f9 1c 75 0f d3 80 e3 48 6b ff e5 c7 bb e3 d4 
89 60 89 a2 e6 f0 7c 2c 92 ed 62 ed 9d 43 61 98 
ff 04 bf 72 41 c0 7f 6b 17 fd 90 c8 8a 61 bf ca 
97 88 78 33 20 08 2f f6 f9 34 45 18 6e 71 bc bc 
7e 17 b4 ff 42 3a 2e 2c c7 c5 0f 84 5d 9b b3 ee 
32 40 8c 85 58 e0 d2 7e f5 a3 a8 d7 63 32 25 dc 
a2 93 73 c3 48 2b 3f 1a d3 3b b4 57 a3 0d 7f e4 
72 e0 95 5b 9a 83 3a 3f db 98 68 56 35 80 b4 b0 
94 9f be 85 a4 e5 35 7f bf 75 e9 86 4d 2c 7b a1 
Keystream phase, z =
30 76 09 fb 10 10 12 54 4b c1 75 e3 17 fb 25 ff 
33 0d 0d e2 5a f6 aa d1 05 05 b8 9b 1e 09 a8 ec 
dd 46 72 cc bb 98 c7 f2 c4 e2 4a f5 27 28 36 c8 
7c c7 3a 81 76 b3 9c e9 30 3b 3e 76 4e 9b e3 e7 
48 f7 65 1a 7c 7e 81 3f d5 24 90 23 1e 56 f7 c1 
44 e4 38 e7 77 11 a6 b0 ba fb 60 45 0c 62 d7 d9 
b9 24 1d 12 44 fc b4 9d a1 e5 2b 80 13 de cd d4 
86 04 ff fc 62 67 6e 70 3b 3a b8 49 cb a6 ea 09 
